WARNING: We recommend using a newer Android Gradle plugin to use compileSdk = 36

This Android Gradle plugin (8.8.0) was tested up to compileSdk = 35.

You are strongly encouraged to update your project to use a newer
Android Gradle plugin that has been tested with compileSdk = 36.

If you are already using the latest version of the Android Gradle plugin,
you may need to wait until a newer version with support for compileSdk = 36 is available.

For more information refer to the compatibility table:
https://d.android.com/r/tools/api-level-support

To suppress this warning, add/update
    android.suppressUnsupportedCompileSdk=36
to this project's gradle.properties.
> Task :app:preBuild UP-TO-DATE
> Task :app:preDebugBuild UP-TO-DATE
> Task :app:mergeDebugNativeDebugMetadata NO-SOURCE
> Task :app:checkKotlinGradlePluginConfigurationErrors SKIPPED
> Task :app:generateDebugBuildConfig UP-TO-DATE
> Task :app:checkDebugAarMetadata FAILED
> Task :app:generateDebugResValues
> Task :app:processDebugGoogleServices FAILED
> Task :app:generateDebugResources
> Task :app:createDebugCompatibleScreenManifests
> Task :app:javaPreCompileDebug
> Task :app:mergeDebugShaders
> Task :app:compileDebugShaders NO-SOURCE
> Task :app:generateDebugAssets UP-TO-DATE
> Task :app:mergeDebugAssets
> Task :app:compressDebugAssets
> Task :app:desugarDebugFileDependencies
> Task :app:mergeDebugJniLibFolders
> Task :app:checkDebugDuplicateClasses
> Task :app:mergeDebugNativeLibs
> Task :app:mergeExtDexDebug
> Task :app:mergeLibDexDebug

> Task :app:stripDebugDebugSymbols
Unable to strip the following libraries, packaging them as they are: libandroidx.graphics.path.so.

> Task :app:validateSigningDebug
> Task :app:writeDebugAppMetadata
> Task :app:writeDebugSigningConfigVersions
> Task :app:buildKotlinToolingMetadata
> Task :app:preReleaseBuild UP-TO-DATE
> Task :app:generateReleaseBuildConfig
> Task :app:generateReleaseResValues
> Task :app:processReleaseGoogleServices
> Task :app:checkReleaseAarMetadata
> Task :app:mapReleaseSourceSetPaths
> Task :app:generateReleaseResources
> Task :app:mergeReleaseResources
> Task :app:packageReleaseResources
> Task :app:createReleaseCompatibleScreenManifests
> Task :app:extractDeepLinksRelease
> Task :app:parseReleaseLocalResources
> Task :app:processReleaseMainManifest
> Task :app:processReleaseManifest
> Task :app:processReleaseManifestForPackage
> Task :app:javaPreCompileRelease
> Task :app:extractProguardFiles
> Task :app:mergeReleaseJniLibFolders
> Task :app:mergeReleaseNativeLibs
> Task :app:desugarReleaseFileDependencies
> Task :app:mergeReleaseStartupProfile

> Task :app:stripReleaseDebugSymbols
Unable to strip the following libraries, packaging them as they are: libandroidx.graphics.path.so.

> Task :app:checkReleaseDuplicateClasses
> Task :app:mergeReleaseArtProfile
> Task :app:extractReleaseNativeSymbolTables
> Task :app:processReleaseResources
> Task :app:mergeExtDexRelease
> Task :app:processReleaseResources FAILED
> Task :app:mergeReleaseNativeDebugMetadata NO-SOURCE
> Task :app:mergeReleaseShaders
> Task :app:compileReleaseShaders NO-SOURCE
> Task :app:generateReleaseAssets UP-TO-DATE
> Task :app:mergeReleaseAssets
> Task :app:compressReleaseAssets
> Task :app:extractReleaseVersionControlInfo
> Task :app:collectReleaseDependencies
> Task :app:sdkReleaseDependencyData
> Task :app:writeReleaseAppMetadata
> Task :app:writeReleaseSigningConfigVersions

[Incubating] Problems report is available at: file:///C:/Users/siddh/AndroidStudioProjects/interplanetary/build/reports/problems/problems-report.html
.\gradlew : 
At line:1 char:63
+ ... tudio\jbr"; .\gradlew build -x test -x lint -x check --continue > bui ...
+                 ~~~~~~~~~~~~~~~~~~~~~~~~~~~~~~~~~~~~~~~~~~~~~~~~~~~~~~~~~
    + CategoryInfo          : NotSpecified: (:String) [], RemoteException
    + FullyQualifiedErrorId : NativeCommandError
 
FAILURE: Build completed with 3 failures.

1: Task failed with an exception.
-----------
* What went wrong:
Execution failed for task ':app:checkDebugAarMetadata'.
> Configuration `:app:debugRuntimeClasspath` contains AndroidX dependencies, but the `android.useAndroidX` property is 
not enabled, which may cause runtime issues.
  Set `android.useAndroidX=true` in the `gradle.properties` file and retry.
  The following AndroidX dependencies are detected:
  :app:debugRuntimeClasspath -> androidx.compose.ui:ui-tooling:1.7.6
  :app:debugRuntimeClasspath -> androidx.compose:compose-bom:2025.01.00 -> androidx.compose.ui:ui-tooling-android:1.7.6
  :app:debugRuntimeClasspath -> androidx.activity:activity-compose:1.10.0
  :app:debugRuntimeClasspath -> androidx.hilt:hilt-navigation-compose:1.2.0 -> androidx.hilt:hilt-navigation:1.2.0 -> 
androidx.navigation:navigation-runtime:2.8.5 -> androidx.activity:activity-ktx:1.10.0
  :app:debugRuntimeClasspath -> com.google.dagger:hilt-android:2.51.1 -> androidx.activity:activity:1.10.0
  :app:debugRuntimeClasspath -> androidx.hilt:hilt-navigation-compose:1.2.0 -> androidx.hilt:hilt-navigation:1.2.0 -> 
androidx.annotation:annotation:1.9.1
  :app:debugRuntimeClasspath -> androidx.hilt:hilt-navigation-compose:1.2.0 -> androidx.hilt:hilt-navigation:1.2.0 -> 
androidx.annotation:annotation:1.9.1 -> androidx.annotation:annotation-jvm:1.9.1
  :app:debugRuntimeClasspath -> androidx.core:core-ktx:1.15.0
  :app:debugRuntimeClasspath -> androidx.compose:compose-bom:2025.01.00 -> 
androidx.compose.foundation:foundation-layout-android:1.7.6 -> androidx.core:core:1.15.0
  :app:debugRuntimeClasspath -> androidx.hilt:hilt-navigation-compose:1.2.0 -> androidx.hilt:hilt-navigation:1.2.0 -> 
androidx.navigation:navigation-runtime:2.8.5 -> androidx.annotation:annotation-experimental:1.4.1
  :app:debugRuntimeClasspath -> androidx.hilt:hilt-navigation-compose:1.2.0 -> androidx.hilt:hilt-navigation:1.2.0 -> 
androidx.navigation:navigation-runtime:2.8.5 -> androidx.collection:collection:1.4.4
  :app:debugRuntimeClasspath -> androidx.hilt:hilt-navigation-compose:1.2.0 -> androidx.hilt:hilt-navigation:1.2.0 -> 
androidx.navigation:navigation-runtime:2.8.5 -> androidx.collection:collection:1.4.4 -> 
androidx.collection:collection-jvm:1.4.4
  :app:debugRuntimeClasspath -> androidx.hilt:hilt-navigation-compose:1.2.0 -> androidx.hilt:hilt-navigation:1.2.0 -> 
androidx.navigation:navigation-runtime:2.8.5 -> androidx.navigation:navigation-common:2.8.5 -> 
androidx.collection:collection-ktx:1.4.4
  :app:debugRuntimeClasspath -> com.stripe:stripe-android:21.6.0 -> com.stripe:paymentsheet:21.6.0 -> 
androidx.browser:browser:1.8.0 -> androidx.concurrent:concurrent-futures:1.1.0
  :app:debugRuntimeClasspath -> io.coil-kt:coil-gif:2.7.0 -> androidx.vectordrawable:vectordrawable-animated:1.1.0 -> 
androidx.interpolator:interpolator:1.0.0
  :app:debugRuntimeClasspath -> androidx.compose:compose-bom:2025.01.00 -> 
androidx.compose.material:material-android:1.7.6 -> androidx.lifecycle:lifecycle-runtime:2.8.7
  :app:debugRuntimeClasspath -> androidx.compose:compose-bom:2025.01.00 -> 
androidx.compose.material:material-android:1.7.6 -> androidx.lifecycle:lifecycle-runtime:2.8.7 -> 
androidx.lifecycle:lifecycle-runtime-android:2.8.7
  :app:debugRuntimeClasspath -> androidx.compose:compose-bom:2025.01.00 -> 
androidx.compose.material:material-android:1.7.6 -> androidx.savedstate:savedstate:1.2.1 -> 
androidx.arch.core:core-common:2.2.0
  :app:debugRuntimeClasspath -> com.google.dagger:hilt-android:2.51.1 -> androidx.fragment:fragment:1.8.6 -> 
androidx.loader:loader:1.0.0 -> androidx.lifecycle:lifecycle-livedata:2.8.7 -> androidx.arch.core:core-runtime:2.2.0
  :app:debugRuntimeClasspath -> androidx.hilt:hilt-navigation-compose:1.2.0 -> androidx.hilt:hilt-navigation:1.2.0 -> 
androidx.navigation:navigation-runtime:2.8.5 -> androidx.navigation:navigation-common:2.8.5 -> 
androidx.lifecycle:lifecycle-common:2.8.7
  :app:debugRuntimeClasspath -> androidx.hilt:hilt-navigation-compose:1.2.0 -> androidx.hilt:hilt-navigation:1.2.0 -> 
androidx.navigation:navigation-runtime:2.8.5 -> androidx.navigation:navigation-common:2.8.5 -> 
androidx.lifecycle:lifecycle-common:2.8.7 -> androidx.lifecycle:lifecycle-common-jvm:2.8.7
  :app:debugRuntimeClasspath -> com.google.dagger:hilt-android:2.51.1 -> androidx.fragment:fragment:1.8.6
  :app:debugRuntimeClasspath -> com.google.dagger:hilt-android:2.51.1 -> androidx.fragment:fragment:1.8.6 -> 
androidx.lifecycle:lifecycle-livedata-core:2.8.7
  :app:debugRuntimeClasspath -> androidx.compose:compose-bom:2025.01.00 -> 
androidx.compose.material3:material3-android:1.3.1 -> androidx.lifecycle:lifecycle-common-java8:2.8.7
  :app:debugRuntimeClasspath -> com.stripe:stripe-android:21.6.0 -> com.stripe:paymentsheet:21.6.0 -> 
androidx.fragment:fragment-ktx:1.8.6 -> androidx.lifecycle:lifecycle-livedata-core-ktx:2.8.7
  :app:debugRuntimeClasspath -> com.stripe:stripe-android:21.6.0 -> com.stripe:payments-core:21.6.0 -> 
com.stripe:stripe-3ds2-android:6.2.0 -> androidx.lifecycle:lifecycle-livedata-ktx:2.8.7
  :app:debugRuntimeClasspath -> com.google.dagger:hilt-android:2.51.1 -> androidx.fragment:fragment:1.8.6 -> 
androidx.loader:loader:1.0.0 -> androidx.lifecycle:lifecycle-livedata:2.8.7
  :app:debugRuntimeClasspath -> androidx.compose:compose-bom:2025.01.00 -> 
androidx.compose.foundation:foundation-android:1.7.6 -> androidx.emoji2:emoji2:1.3.0 -> 
androidx.lifecycle:lifecycle-process:2.8.7
  :app:debugRuntimeClasspath -> androidx.compose:compose-bom:2025.01.00 -> 
androidx.compose.foundation:foundation-android:1.7.6 -> androidx.emoji2:emoji2:1.3.0 -> 
androidx.startup:startup-runtime:1.1.1
  :app:debugRuntimeClasspath -> androidx.compose:compose-bom:2025.01.00 -> 
androidx.compose.foundation:foundation-layout-android:1.7.6 -> androidx.core:core:1.15.0 -> 
androidx.tracing:tracing:1.2.0
  :app:debugRuntimeClasspath -> com.stripe:stripe-android:21.6.0 -> com.stripe:paymentsheet:21.6.0 -> 
androidx.lifecycle:lifecycle-runtime-compose:2.8.7
  :app:debugRuntimeClasspath -> com.stripe:stripe-android:21.6.0 -> com.stripe:paymentsheet:21.6.0 -> 
androidx.lifecycle:lifecycle-runtime-compose:2.8.7 -> androidx.lifecycle:lifecycle-runtime-compose-android:2.8.7
  :app:debugRuntimeClasspath -> androidx.hilt:hilt-navigation-compose:1.2.0 -> androidx.compose.runtime:runtime:1.7.6
  :app:debugRuntimeClasspath -> androidx.compose:compose-bom:2025.01.00 -> 
androidx.compose.runtime:runtime-android:1.7.6
  :app:debugRuntimeClasspath -> androidx.navigation:navigation-compose:2.8.5 -> 
androidx.compose.runtime:runtime-saveable:1.7.6
  :app:debugRuntimeClasspath -> androidx.compose:compose-bom:2025.01.00 -> 
androidx.compose.runtime:runtime-saveable-android:1.7.6
  :app:debugRuntimeClasspath -> androidx.lifecycle:lifecycle-runtime-ktx:2.8.7
  :app:debugRuntimeClasspath -> androidx.lifecycle:lifecycle-runtime-ktx:2.8.7 -> 
androidx.lifecycle:lifecycle-runtime-ktx-android:2.8.7
  :app:debugRuntimeClasspath -> androidx.compose:compose-bom:2025.01.00 -> 
androidx.compose.material:material-android:1.7.6 -> androidx.lifecycle:lifecycle-viewmodel:2.8.7
  :app:debugRuntimeClasspath -> androidx.compose:compose-bom:2025.01.00 -> 
androidx.compose.material:material-android:1.7.6 -> androidx.lifecycle:lifecycle-viewmodel:2.8.7 -> 
androidx.lifecycle:lifecycle-viewmodel-android:2.8.7
  :app:debugRuntimeClasspath -> androidx.hilt:hilt-navigation-compose:1.2.0 -> 
androidx.lifecycle:lifecycle-viewmodel-compose:2.8.7
  :app:debugRuntimeClasspath -> androidx.hilt:hilt-navigation-compose:1.2.0 -> 
androidx.lifecycle:lifecycle-viewmodel-compose:2.8.7 -> androidx.lifecycle:lifecycle-viewmodel-compose-android:2.8.7
  :app:debugRuntimeClasspath -> androidx.compose.ui:ui:1.7.6
  :app:debugRuntimeClasspath -> androidx.compose:compose-bom:2025.01.00 -> androidx.compose.ui:ui-android:1.7.6
  :app:debugRuntimeClasspath -> androidx.compose:compose-bom:2025.01.00 -> androidx.compose.ui:ui-android:1.7.6 -> 
androidx.autofill:autofill:1.0.0
  :app:debugRuntimeClasspath -> androidx.compose:compose-bom:2025.01.00 -> androidx.compose.ui:ui-geometry:1.7.6
  :app:debugRuntimeClasspath -> androidx.compose:compose-bom:2025.01.00 -> 
androidx.compose.ui:ui-geometry-android:1.7.6
  :app:debugRuntimeClasspath -> androidx.compose:compose-bom:2025.01.00 -> androidx.compose.ui:ui-util:1.7.6
  :app:debugRuntimeClasspath -> androidx.compose:compose-bom:2025.01.00 -> androidx.compose.ui:ui-util-android:1.7.6
  :app:debugRuntimeClasspath -> androidx.compose.ui:ui-graphics:1.7.6
  :app:debugRuntimeClasspath -> androidx.compose:compose-bom:2025.01.00 -> 
androidx.compose.ui:ui-graphics-android:1.7.6
  :app:debugRuntimeClasspath -> androidx.compose:compose-bom:2025.01.00 -> androidx.compose.ui:ui-unit:1.7.6
  :app:debugRuntimeClasspath -> androidx.compose:compose-bom:2025.01.00 -> androidx.compose.ui:ui-unit-android:1.7.6
  :app:debugRuntimeClasspath -> androidx.compose.ui:ui-test-manifest:1.7.6
  :app:debugRuntimeClasspath -> androidx.compose.ui:ui-tooling-preview:1.7.6
  :app:debugRuntimeClasspath -> androidx.compose:compose-bom:2025.01.00 -> 
androidx.compose.ui:ui-tooling-preview-android:1.7.6
  :app:debugRuntimeClasspath -> androidx.compose:compose-bom:2025.01.00 -> androidx.compose.ui:ui-text:1.7.6
  :app:debugRuntimeClasspath -> androidx.compose:compose-bom:2025.01.00 -> androidx.compose.ui:ui-text-android:1.7.6
  :app:debugRuntimeClasspath -> androidx.compose:compose-bom:2025.01.00 -> 
androidx.compose.foundation:foundation-android:1.7.6 -> androidx.emoji2:emoji2:1.3.0
  :app:debugRuntimeClasspath -> com.stripe:stripe-android:21.6.0 -> com.stripe:paymentsheet:21.6.0 -> 
androidx.appcompat:appcompat:1.7.0 -> androidx.emoji2:emoji2-views-helper:1.3.0
  :app:debugRuntimeClasspath -> androidx.compose:compose-bom:2025.01.00 -> androidx.compose.ui:ui-tooling-data:1.7.6
  :app:debugRuntimeClasspath -> androidx.compose:compose-bom:2025.01.00 -> 
androidx.compose.ui:ui-tooling-data-android:1.7.6
  :app:debugRuntimeClasspath -> com.stripe:stripe-android:21.6.0 -> com.stripe:paymentsheet:21.6.0 -> 
androidx.compose.ui:ui-viewbinding:1.7.6
  :app:debugRuntimeClasspath -> com.stripe:stripe-android:21.6.0 -> com.stripe:paymentsheet:21.6.0 -> 
androidx.databinding:viewbinding:8.8.1
  :app:debugRuntimeClasspath -> com.stripe:stripe-android:21.6.0 -> com.stripe:paymentsheet:21.6.0 -> 
androidx.fragment:fragment-ktx:1.8.6
  :app:debugRuntimeClasspath -> androidx.hilt:hilt-navigation-compose:1.2.0 -> androidx.hilt:hilt-navigation:1.2.0 -> 
androidx.navigation:navigation-runtime:2.8.5 -> androidx.navigation:navigation-common:2.8.5 -> 
androidx.lifecycle:lifecycle-viewmodel-ktx:2.8.7
  :app:debugRuntimeClasspath -> androidx.hilt:hilt-navigation-compose:1.2.0 -> androidx.hilt:hilt-navigation:1.2.0 -> 
androidx.navigation:navigation-runtime:2.8.5 -> androidx.navigation:navigation-common:2.8.5 -> 
androidx.lifecycle:lifecycle-viewmodel-savedstate:2.8.7
  :app:debugRuntimeClasspath -> androidx.compose:compose-bom:2025.01.00 -> 
androidx.compose.material:material-android:1.7.6 -> androidx.savedstate:savedstate:1.2.1
  :app:debugRuntimeClasspath -> androidx.hilt:hilt-navigation-compose:1.2.0 -> androidx.hilt:hilt-navigation:1.2.0 -> 
androidx.navigation:navigation-runtime:2.8.5 -> androidx.navigation:navigation-common:2.8.5 -> 
androidx.savedstate:savedstate-ktx:1.2.1
  :app:debugRuntimeClasspath -> androidx.compose:compose-bom:2025.01.00 -> 
androidx.compose.ui:ui-graphics-android:1.7.6 -> androidx.graphics:graphics-path:1.0.1
  :app:debugRuntimeClasspath -> com.stripe:stripe-android:21.6.0 -> com.stripe:payments-core:21.6.0 -> 
androidx.recyclerview:recyclerview:1.3.2 -> androidx.customview:customview-poolingcontainer:1.0.0
  :app:debugRuntimeClasspath -> androidx.hilt:hilt-navigation-compose:1.2.0 -> androidx.hilt:hilt-navigation:1.2.0 -> 
androidx.navigation:navigation-runtime:2.8.5 -> androidx.navigation:navigation-common:2.8.5 -> 
androidx.profileinstaller:profileinstaller:1.4.0
  :app:debugRuntimeClasspath -> com.stripe:stripe-android:21.6.0 -> com.stripe:paymentsheet:21.6.0 -> 
androidx.compose.foundation:foundation:1.7.6
  :app:debugRuntimeClasspath -> androidx.compose:compose-bom:2025.01.00 -> 
androidx.compose.foundation:foundation-android:1.7.6
  :app:debugRuntimeClasspath -> androidx.navigation:navigation-compose:2.8.5 -> 
androidx.compose.animation:animation:1.7.6
  :app:debugRuntimeClasspath -> androidx.compose:compose-bom:2025.01.00 -> 
androidx.compose.animation:animation-android:1.7.6
  :app:debugRuntimeClasspath -> androidx.compose:compose-bom:2025.01.00 -> 
androidx.compose.animation:animation-core:1.7.6
  :app:debugRuntimeClasspath -> androidx.compose:compose-bom:2025.01.00 -> 
androidx.compose.animation:animation-core-android:1.7.6
  :app:debugRuntimeClasspath -> androidx.navigation:navigation-compose:2.8.5 -> 
androidx.compose.foundation:foundation-layout:1.7.6
  :app:debugRuntimeClasspath -> androidx.compose:compose-bom:2025.01.00 -> 
androidx.compose.foundation:foundation-layout-android:1.7.6
  :app:debugRuntimeClasspath -> com.google.dagger:hilt-android:2.51.1 -> androidx.fragment:fragment:1.8.6 -> 
androidx.loader:loader:1.0.0
  :app:debugRuntimeClasspath -> com.google.dagger:hilt-android:2.51.1 -> androidx.fragment:fragment:1.8.6 -> 
androidx.viewpager:viewpager:1.0.0
  :app:debugRuntimeClasspath -> com.stripe:stripe-android:21.6.0 -> com.stripe:payments-core:21.6.0 -> 
androidx.recyclerview:recyclerview:1.3.2 -> androidx.customview:customview:1.1.0
  :app:debugRuntimeClasspath -> androidx.compose:compose-bom:2025.01.00 -> 
androidx.compose.foundation:foundation-layout-android:1.7.6 -> androidx.core:core:1.15.0 -> 
androidx.versionedparcelable:versionedparcelable:1.1.1
  :app:debugRuntimeClasspath -> com.stripe:stripe-android:21.6.0 -> com.stripe:paymentsheet:21.6.0 -> 
androidx.compose.material:material:1.7.6
  :app:debugRuntimeClasspath -> androidx.compose:compose-bom:2025.01.00 -> 
androidx.compose.material:material-android:1.7.6
  :app:debugRuntimeClasspath -> androidx.compose:compose-bom:2025.01.00 -> 
androidx.compose.material:material-ripple:1.7.6
  :app:debugRuntimeClasspath -> androidx.compose:compose-bom:2025.01.00 -> 
androidx.compose.material:material-ripple-android:1.7.6
  :app:debugRuntimeClasspath -> androidx.compose:compose-bom:2025.01.00
  :app:debugRuntimeClasspath -> androidx.compose.material3:material3:1.3.1
  :app:debugRuntimeClasspath -> androidx.compose:compose-bom:2025.01.00 -> 
androidx.compose.material3:material3-android:1.3.1
  :app:debugRuntimeClasspath -> com.stripe:stripe-android:21.6.0 -> com.stripe:paymentsheet:21.6.0 -> 
androidx.compose.material:material-icons-core:1.7.6
  :app:debugRuntimeClasspath -> androidx.compose:compose-bom:2025.01.00 -> 
androidx.compose.material:material-icons-core-android:1.7.6
  :app:debugRuntimeClasspath -> androidx.navigation:navigation-compose:2.8.5
  :app:debugRuntimeClasspath -> androidx.hilt:hilt-navigation-compose:1.2.0 -> androidx.hilt:hilt-navigation:1.2.0 -> 
androidx.navigation:navigation-runtime:2.8.5 -> androidx.navigation:navigation-common:2.8.5 -> 
androidx.navigation:navigation-runtime-ktx:2.8.5
  :app:debugRuntimeClasspath -> androidx.hilt:hilt-navigation-compose:1.2.0 -> androidx.hilt:hilt-navigation:1.2.0 -> 
androidx.navigation:navigation-runtime:2.8.5 -> androidx.navigation:navigation-common:2.8.5 -> 
androidx.navigation:navigation-common-ktx:2.8.5
  :app:debugRuntimeClasspath -> androidx.hilt:hilt-navigation-compose:1.2.0 -> androidx.hilt:hilt-navigation:1.2.0 -> 
androidx.navigation:navigation-runtime:2.8.5 -> androidx.navigation:navigation-common:2.8.5
  :app:debugRuntimeClasspath -> androidx.hilt:hilt-navigation-compose:1.2.0 -> androidx.hilt:hilt-navigation:1.2.0 -> 
androidx.navigation:navigation-runtime:2.8.5
  :app:debugRuntimeClasspath -> io.coil-kt:coil-compose:2.7.0 -> io.coil-kt:coil-compose-base:2.7.0 -> 
io.coil-kt:coil-base:2.7.0 -> androidx.appcompat:appcompat-resources:1.7.0
  :app:debugRuntimeClasspath -> com.stripe:stripe-android:21.6.0 -> com.stripe:paymentsheet:21.6.0 -> 
com.google.android.material:material:1.12.0 -> androidx.vectordrawable:vectordrawable:1.1.0
  :app:debugRuntimeClasspath -> io.coil-kt:coil-gif:2.7.0 -> androidx.vectordrawable:vectordrawable-animated:1.1.0
  :app:debugRuntimeClasspath -> com.stripe:stripe-android:21.6.0 -> com.stripe:paymentsheet:21.6.0 -> 
androidx.appcompat:appcompat:1.7.0
  :app:debugRuntimeClasspath -> com.stripe:stripe-android:21.6.0 -> com.stripe:paymentsheet:21.6.0 -> 
androidx.appcompat:appcompat:1.7.0 -> androidx.cursoradapter:cursoradapter:1.0.0
  :app:debugRuntimeClasspath -> com.stripe:stripe-android:21.6.0 -> com.stripe:paymentsheet:21.6.0 -> 
com.google.android.material:material:1.12.0 -> androidx.drawerlayout:drawerlayout:1.1.1
  :app:debugRuntimeClasspath -> com.stripe:stripe-android:21.6.0 -> com.stripe:paymentsheet:21.6.0 -> 
com.google.android.material:material:1.12.0 -> androidx.resourceinspection:resourceinspection-annotation:1.0.1
  :app:debugRuntimeClasspath -> androidx.media3:media3-ui:1.5.1 -> androidx.media3:media3-common:1.5.1 -> 
androidx.media3:media3-datasource:1.5.1 -> androidx.exifinterface:exifinterface:1.3.7
  :app:debugRuntimeClasspath -> androidx.media3:media3-exoplayer:1.5.1
  :app:debugRuntimeClasspath -> androidx.media3:media3-ui:1.5.1 -> androidx.media3:media3-common:1.5.1
  :app:debugRuntimeClasspath -> androidx.media3:media3-ui:1.5.1 -> androidx.media3:media3-common:1.5.1 -> 
androidx.media3:media3-extractor:1.5.1 -> androidx.media3:media3-container:1.5.1
  :app:debugRuntimeClasspath -> androidx.media3:media3-ui:1.5.1 -> androidx.media3:media3-common:1.5.1 -> 
androidx.media3:media3-datasource:1.5.1 -> androidx.media3:media3-database:1.5.1
  :app:debugRuntimeClasspath -> androidx.media3:media3-ui:1.5.1 -> androidx.media3:media3-common:1.5.1 -> 
androidx.media3:media3-datasource:1.5.1
  :app:debugRuntimeClasspath -> androidx.media3:media3-ui:1.5.1 -> androidx.media3:media3-common:1.5.1 -> 
androidx.media3:media3-extractor:1.5.1 -> androidx.media3:media3-decoder:1.5.1
  :app:debugRuntimeClasspath -> androidx.media3:media3-ui:1.5.1 -> androidx.media3:media3-common:1.5.1 -> 
androidx.media3:media3-extractor:1.5.1
  :app:debugRuntimeClasspath -> androidx.media3:media3-ui:1.5.1
  :app:debugRuntimeClasspath -> androidx.media3:media3-ui:1.5.1 -> androidx.media:media:1.7.0
  :app:debugRuntimeClasspath -> com.stripe:stripe-android:21.6.0 -> com.stripe:payments-core:21.6.0 -> 
androidx.recyclerview:recyclerview:1.3.2
  :app:debugRuntimeClasspath -> com.stripe:stripe-android:21.6.0 -> com.stripe:paymentsheet:21.6.0 -> 
com.google.android.material:material:1.12.0 -> androidx.viewpager2:viewpager2:1.1.0-beta02
  :app:debugRuntimeClasspath -> androidx.hilt:hilt-navigation-compose:1.2.0
  :app:debugRuntimeClasspath -> androidx.hilt:hilt-navigation-compose:1.2.0 -> androidx.hilt:hilt-navigation:1.2.0
  :app:debugRuntimeClasspath -> com.stripe:stripe-android:21.6.0 -> com.stripe:paymentsheet:21.6.0 -> 
androidx.browser:browser:1.8.0
  :app:debugRuntimeClasspath -> com.google.firebase:firebase-bom:33.9.0 -> com.google.firebase:firebase-auth:23.2.0 -> 
androidx.credentials:credentials:1.2.0-rc01

Deprecated Gradle features were used in this build, making it incompatible with Gradle 10.

You can use '--warning-mode all' to show the individual deprecation warnings and determine if they come from your own scripts or plugins.

For more on this, please refer to https://docs.gradle.org/9.3.1/userguide/command_line_interface.html#sec:command_line_warnings in the Gradle documentation.
55 actionable tasks: 54 executed, 1 up-to-date
  :app:debugRuntimeClasspath -> com.google.firebase:firebase-bom:33.9.0 -> com.google.firebase:firebase-auth:23.2.0 -> 
androidx.credentials:credentials-play-services-auth:1.2.0-rc01
  :app:debugRuntimeClasspath -> com.google.firebase:firebase-bom:33.9.0 -> com.google.firebase:firebase-auth:23.2.0 -> 
androidx.localbroadcastmanager:localbroadcastmanager:1.0.0
  :app:debugRuntimeClasspath -> com.stripe:stripe-android:21.6.0 -> com.stripe:paymentsheet:21.6.0 -> 
com.google.android.material:material:1.12.0
  :app:debugRuntimeClasspath -> com.stripe:stripe-android:21.6.0 -> com.stripe:paymentsheet:21.6.0 -> 
com.google.android.material:material:1.12.0 -> androidx.cardview:cardview:1.0.0
  :app:debugRuntimeClasspath -> com.stripe:stripe-android:21.6.0 -> com.stripe:paymentsheet:21.6.0 -> 
com.google.android.material:material:1.12.0 -> androidx.coordinatorlayout:coordinatorlayout:1.1.0
  :app:debugRuntimeClasspath -> com.stripe:stripe-android:21.6.0 -> com.stripe:paymentsheet:21.6.0 -> 
com.stripe:payments-ui-core:21.6.0 -> androidx.constraintlayout:constraintlayout:2.2.0
  :app:debugRuntimeClasspath -> com.stripe:stripe-android:21.6.0 -> com.stripe:paymentsheet:21.6.0 -> 
com.stripe:payments-ui-core:21.6.0 -> androidx.constraintlayout:constraintlayout:2.2.0 -> 
androidx.constraintlayout:constraintlayout-core:1.1.0
  :app:debugRuntimeClasspath -> com.stripe:stripe-android:21.6.0 -> com.stripe:paymentsheet:21.6.0 -> 
com.google.android.material:material:1.12.0 -> androidx.dynamicanimation:dynamicanimation:1.0.0
  :app:debugRuntimeClasspath -> com.stripe:stripe-android:21.6.0 -> com.stripe:paymentsheet:21.6.0 -> 
com.google.android.material:material:1.12.0 -> androidx.dynamicanimation:dynamicanimation:1.0.0 -> 
androidx.legacy:legacy-support-core-utils:1.0.0
  :app:debugRuntimeClasspath -> com.stripe:stripe-android:21.6.0 -> com.stripe:paymentsheet:21.6.0 -> 
com.google.android.material:material:1.12.0 -> androidx.dynamicanimation:dynamicanimation:1.0.0 -> 
androidx.legacy:legacy-support-core-utils:1.0.0 -> androidx.documentfile:documentfile:1.0.0
  :app:debugRuntimeClasspath -> com.stripe:stripe-android:21.6.0 -> com.stripe:paymentsheet:21.6.0 -> 
com.google.android.material:material:1.12.0 -> androidx.dynamicanimation:dynamicanimation:1.0.0 -> 
androidx.legacy:legacy-support-core-utils:1.0.0 -> androidx.print:print:1.0.0
  :app:debugRuntimeClasspath -> com.stripe:stripe-android:21.6.0 -> com.stripe:paymentsheet:21.6.0 -> 
com.google.android.material:material:1.12.0 -> androidx.transition:transition:1.5.0

* Try:
> Run with --stacktrace option to get the stack trace.
> Run with --info or --debug option to get more log output.
> Run with --scan to get full insights from a Build Scan (powered by Develocity).
> Get more help at https://help.gradle.org.
==============================================================================

2: Task failed with an exception.
-----------
* What went wrong:
Execution failed for task ':app:processDebugGoogleServices'.
> No matching client found for package name 'com.notifiy.interplanetary' in 
C:\Users\siddh\AndroidStudioProjects\interplanetary\app\google-services.json

* Try:
> Run with --stacktrace option to get the stack trace.
> Run with --info or --debug option to get more log output.
> Run with --scan to get full insights from a Build Scan (powered by Develocity).
> Get more help at https://help.gradle.org.
==============================================================================

3: Task failed with an exception.
-----------
* What went wrong:
Execution failed for task ':app:processReleaseResources'.
> A failure occurred while executing 
com.android.build.gradle.internal.res.LinkApplicationAndroidResourcesTask$TaskAction
   > Android resource linking failed
     ERROR: C:\Users\siddh\AndroidStudioProjects\interplanetary\app\src\main\AndroidManifest.xml:8:5-30:19: AAPT: 
error: resource style/Theme.Interplanetary (aka com.notifiy.interplanetary:style/Theme.Interplanetary) not found.
         
     ERROR: C:\Users\siddh\AndroidStudioProjects\interplanetary\app\src\main\AndroidManifest.xml:19:9-29:20: AAPT: 
error: resource style/Theme.Interplanetary (aka com.notifiy.interplanetary:style/Theme.Interplanetary) not found.
         

* Try:
> Run with --stacktrace option to get the stack trace.
> Run with --info or --debug option to get more log output.
> Run with --scan to get full insights from a Build Scan (powered by Develocity).
> Get more help at https://help.gradle.org.
==============================================================================

BUILD FAILED in 8m 43s
